 
****************************************
Report : timing
        -path full
        -delay max
        -max_paths 1
Design : SUM
Version: Z-2007.03-SP1
Date   : Wed Jun  4 22:30:40 2014
****************************************

Operating Conditions: typical   Library: NangateOpenCellLibrary
Wire Load Model Mode: top

  Startpoint: BTMP_reg[0]
              (rising edge-triggered flip-flop clocked by CLK)
  Endpoint: S_reg[127] (rising edge-triggered flip-flop clocked by CLK)
  Path Group: CLK
  Path Type: max

  Des/Clust/Port     Wire Load Model       Library
  ------------------------------------------------
  SUM                0K_hvratio_1_4        NangateOpenCellLibrary

  Point                                    Incr       Path
  -----------------------------------------------------------
  clock CLK (rise edge)                    0.00       0.00
  clock network delay (ideal)              0.00       0.00
  BTMP_reg[0]/CK (DFFR_X1)                 0.00       0.00 r
  BTMP_reg[0]/Q (DFFR_X1)                  0.09       0.09 f
  maprca/B[0] (RCA)                        0.00       0.09 f
  maprca/FAI_1/B (FA_0)                    0.00       0.09 f
  maprca/FAI_1/U2/ZN (XNOR2_X1)            0.04       0.13 f
  maprca/FAI_1/U1/ZN (OAI21_X1)            0.04       0.17 r
  maprca/FAI_1/Co (FA_0)                   0.00       0.17 r
  maprca/FAI_2/Ci (FA_127)                 0.00       0.17 r
  maprca/FAI_2/U4/ZN (NAND2_X1)            0.02       0.19 f
  maprca/FAI_2/U5/ZN (NAND2_X1)            0.02       0.21 r
  maprca/FAI_2/Co (FA_127)                 0.00       0.21 r
  maprca/FAI_3/Ci (FA_126)                 0.00       0.21 r
  maprca/FAI_3/U4/ZN (NAND2_X1)            0.01       0.23 f
  maprca/FAI_3/U5/ZN (NAND2_X1)            0.02       0.25 r
  maprca/FAI_3/Co (FA_126)                 0.00       0.25 r
  maprca/FAI_4/Ci (FA_125)                 0.00       0.25 r
  maprca/FAI_4/U4/ZN (NAND2_X1)            0.01       0.26 f
  maprca/FAI_4/U5/ZN (NAND2_X1)            0.02       0.28 r
  maprca/FAI_4/Co (FA_125)                 0.00       0.28 r
  maprca/FAI_5/Ci (FA_124)                 0.00       0.28 r
  maprca/FAI_5/U4/ZN (NAND2_X1)            0.01       0.30 f
  maprca/FAI_5/U5/ZN (NAND2_X1)            0.02       0.32 r
  maprca/FAI_5/Co (FA_124)                 0.00       0.32 r
  maprca/FAI_6/Ci (FA_123)                 0.00       0.32 r
  maprca/FAI_6/U4/ZN (NAND2_X1)            0.01       0.33 f
  maprca/FAI_6/U5/ZN (NAND2_X1)            0.02       0.35 r
  maprca/FAI_6/Co (FA_123)                 0.00       0.35 r
  maprca/FAI_7/Ci (FA_122)                 0.00       0.35 r
  maprca/FAI_7/U4/ZN (NAND2_X1)            0.01       0.37 f
  maprca/FAI_7/U5/ZN (NAND2_X1)            0.02       0.39 r
  maprca/FAI_7/Co (FA_122)                 0.00       0.39 r
  maprca/FAI_8/Ci (FA_121)                 0.00       0.39 r
  maprca/FAI_8/U4/ZN (NAND2_X1)            0.01       0.40 f
  maprca/FAI_8/U5/ZN (NAND2_X1)            0.02       0.42 r
  maprca/FAI_8/Co (FA_121)                 0.00       0.42 r
  maprca/FAI_9/Ci (FA_120)                 0.00       0.42 r
  maprca/FAI_9/U4/ZN (NAND2_X1)            0.01       0.44 f
  maprca/FAI_9/U5/ZN (NAND2_X1)            0.02       0.46 r
  maprca/FAI_9/Co (FA_120)                 0.00       0.46 r
  maprca/FAI_10/Ci (FA_119)                0.00       0.46 r
  maprca/FAI_10/U4/ZN (NAND2_X1)           0.01       0.47 f
  maprca/FAI_10/U5/ZN (NAND2_X1)           0.02       0.49 r
  maprca/FAI_10/Co (FA_119)                0.00       0.49 r
  maprca/FAI_11/Ci (FA_118)                0.00       0.49 r
  maprca/FAI_11/U4/ZN (NAND2_X1)           0.01       0.51 f
  maprca/FAI_11/U5/ZN (NAND2_X1)           0.02       0.53 r
  maprca/FAI_11/Co (FA_118)                0.00       0.53 r
  maprca/FAI_12/Ci (FA_117)                0.00       0.53 r
  maprca/FAI_12/U4/ZN (NAND2_X1)           0.01       0.54 f
  maprca/FAI_12/U5/ZN (NAND2_X1)           0.02       0.56 r
  maprca/FAI_12/Co (FA_117)                0.00       0.56 r
  maprca/FAI_13/Ci (FA_116)                0.00       0.56 r
  maprca/FAI_13/U4/ZN (NAND2_X1)           0.01       0.58 f
  maprca/FAI_13/U5/ZN (NAND2_X1)           0.02       0.60 r
  maprca/FAI_13/Co (FA_116)                0.00       0.60 r
  maprca/FAI_14/Ci (FA_115)                0.00       0.60 r
  maprca/FAI_14/U4/ZN (NAND2_X1)           0.01       0.61 f
  maprca/FAI_14/U5/ZN (NAND2_X1)           0.02       0.64 r
  maprca/FAI_14/Co (FA_115)                0.00       0.64 r
  maprca/FAI_15/Ci (FA_114)                0.00       0.64 r
  maprca/FAI_15/U4/ZN (NAND2_X1)           0.01       0.65 f
  maprca/FAI_15/U5/ZN (NAND2_X1)           0.02       0.67 r
  maprca/FAI_15/Co (FA_114)                0.00       0.67 r
  maprca/FAI_16/Ci (FA_113)                0.00       0.67 r
  maprca/FAI_16/U4/ZN (NAND2_X1)           0.01       0.68 f
  maprca/FAI_16/U5/ZN (NAND2_X1)           0.02       0.71 r
  maprca/FAI_16/Co (FA_113)                0.00       0.71 r
  maprca/FAI_17/Ci (FA_112)                0.00       0.71 r
  maprca/FAI_17/U4/ZN (NAND2_X1)           0.01       0.72 f
  maprca/FAI_17/U5/ZN (NAND2_X1)           0.02       0.74 r
  maprca/FAI_17/Co (FA_112)                0.00       0.74 r
  maprca/FAI_18/Ci (FA_111)                0.00       0.74 r
  maprca/FAI_18/U4/ZN (NAND2_X1)           0.01       0.76 f
  maprca/FAI_18/U5/ZN (NAND2_X1)           0.02       0.78 r
  maprca/FAI_18/Co (FA_111)                0.00       0.78 r
  maprca/FAI_19/Ci (FA_110)                0.00       0.78 r
  maprca/FAI_19/U4/ZN (NAND2_X1)           0.01       0.79 f
  maprca/FAI_19/U5/ZN (NAND2_X1)           0.02       0.81 r
  maprca/FAI_19/Co (FA_110)                0.00       0.81 r
  maprca/FAI_20/Ci (FA_109)                0.00       0.81 r
  maprca/FAI_20/U4/ZN (NAND2_X1)           0.01       0.83 f
  maprca/FAI_20/U5/ZN (NAND2_X1)           0.02       0.85 r
  maprca/FAI_20/Co (FA_109)                0.00       0.85 r
  maprca/FAI_21/Ci (FA_108)                0.00       0.85 r
  maprca/FAI_21/U4/ZN (NAND2_X1)           0.01       0.86 f
  maprca/FAI_21/U5/ZN (NAND2_X1)           0.02       0.88 r
  maprca/FAI_21/Co (FA_108)                0.00       0.88 r
  maprca/FAI_22/Ci (FA_107)                0.00       0.88 r
  maprca/FAI_22/U4/ZN (NAND2_X1)           0.01       0.90 f
  maprca/FAI_22/U5/ZN (NAND2_X1)           0.02       0.92 r
  maprca/FAI_22/Co (FA_107)                0.00       0.92 r
  maprca/FAI_23/Ci (FA_106)                0.00       0.92 r
  maprca/FAI_23/U4/ZN (NAND2_X1)           0.01       0.93 f
  maprca/FAI_23/U5/ZN (NAND2_X1)           0.02       0.95 r
  maprca/FAI_23/Co (FA_106)                0.00       0.95 r
  maprca/FAI_24/Ci (FA_105)                0.00       0.95 r
  maprca/FAI_24/U4/ZN (NAND2_X1)           0.01       0.97 f
  maprca/FAI_24/U5/ZN (NAND2_X1)           0.02       0.99 r
  maprca/FAI_24/Co (FA_105)                0.00       0.99 r
  maprca/FAI_25/Ci (FA_104)                0.00       0.99 r
  maprca/FAI_25/U4/ZN (NAND2_X1)           0.01       1.00 f
  maprca/FAI_25/U5/ZN (NAND2_X1)           0.02       1.02 r
  maprca/FAI_25/Co (FA_104)                0.00       1.02 r
  maprca/FAI_26/Ci (FA_103)                0.00       1.02 r
  maprca/FAI_26/U4/ZN (NAND2_X1)           0.01       1.04 f
  maprca/FAI_26/U5/ZN (NAND2_X1)           0.02       1.06 r
  maprca/FAI_26/Co (FA_103)                0.00       1.06 r
  maprca/FAI_27/Ci (FA_102)                0.00       1.06 r
  maprca/FAI_27/U4/ZN (NAND2_X1)           0.01       1.07 f
  maprca/FAI_27/U5/ZN (NAND2_X1)           0.02       1.10 r
  maprca/FAI_27/Co (FA_102)                0.00       1.10 r
  maprca/FAI_28/Ci (FA_101)                0.00       1.10 r
  maprca/FAI_28/U4/ZN (NAND2_X1)           0.01       1.11 f
  maprca/FAI_28/U5/ZN (NAND2_X1)           0.02       1.13 r
  maprca/FAI_28/Co (FA_101)                0.00       1.13 r
  maprca/FAI_29/Ci (FA_100)                0.00       1.13 r
  maprca/FAI_29/U4/ZN (NAND2_X1)           0.01       1.15 f
  maprca/FAI_29/U5/ZN (NAND2_X1)           0.02       1.17 r
  maprca/FAI_29/Co (FA_100)                0.00       1.17 r
  maprca/FAI_30/Ci (FA_99)                 0.00       1.17 r
  maprca/FAI_30/U4/ZN (NAND2_X1)           0.01       1.18 f
  maprca/FAI_30/U5/ZN (NAND2_X1)           0.02       1.20 r
  maprca/FAI_30/Co (FA_99)                 0.00       1.20 r
  maprca/FAI_31/Ci (FA_98)                 0.00       1.20 r
  maprca/FAI_31/U4/ZN (NAND2_X1)           0.01       1.22 f
  maprca/FAI_31/U5/ZN (NAND2_X1)           0.02       1.24 r
  maprca/FAI_31/Co (FA_98)                 0.00       1.24 r
  maprca/FAI_32/Ci (FA_97)                 0.00       1.24 r
  maprca/FAI_32/U4/ZN (NAND2_X1)           0.01       1.25 f
  maprca/FAI_32/U5/ZN (NAND2_X1)           0.02       1.28 r
  maprca/FAI_32/Co (FA_97)                 0.00       1.28 r
  maprca/FAI_33/Ci (FA_96)                 0.00       1.28 r
  maprca/FAI_33/U4/ZN (NAND2_X1)           0.01       1.29 f
  maprca/FAI_33/U5/ZN (NAND2_X1)           0.02       1.31 r
  maprca/FAI_33/Co (FA_96)                 0.00       1.31 r
  maprca/FAI_34/Ci (FA_95)                 0.00       1.31 r
  maprca/FAI_34/U4/ZN (NAND2_X1)           0.01       1.33 f
  maprca/FAI_34/U5/ZN (NAND2_X1)           0.02       1.35 r
  maprca/FAI_34/Co (FA_95)                 0.00       1.35 r
  maprca/FAI_35/Ci (FA_94)                 0.00       1.35 r
  maprca/FAI_35/U4/ZN (NAND2_X1)           0.01       1.36 f
  maprca/FAI_35/U5/ZN (NAND2_X1)           0.02       1.38 r
  maprca/FAI_35/Co (FA_94)                 0.00       1.38 r
  maprca/FAI_36/Ci (FA_93)                 0.00       1.38 r
  maprca/FAI_36/U4/ZN (NAND2_X1)           0.01       1.40 f
  maprca/FAI_36/U5/ZN (NAND2_X1)           0.02       1.42 r
  maprca/FAI_36/Co (FA_93)                 0.00       1.42 r
  maprca/FAI_37/Ci (FA_92)                 0.00       1.42 r
  maprca/FAI_37/U4/ZN (NAND2_X1)           0.01       1.43 f
  maprca/FAI_37/U5/ZN (NAND2_X1)           0.02       1.46 r
  maprca/FAI_37/Co (FA_92)                 0.00       1.46 r
  maprca/FAI_38/Ci (FA_91)                 0.00       1.46 r
  maprca/FAI_38/U4/ZN (NAND2_X1)           0.01       1.47 f
  maprca/FAI_38/U5/ZN (NAND2_X1)           0.02       1.49 r
  maprca/FAI_38/Co (FA_91)                 0.00       1.49 r
  maprca/FAI_39/Ci (FA_90)                 0.00       1.49 r
  maprca/FAI_39/U4/ZN (NAND2_X1)           0.01       1.51 f
  maprca/FAI_39/U5/ZN (NAND2_X1)           0.02       1.53 r
  maprca/FAI_39/Co (FA_90)                 0.00       1.53 r
  maprca/FAI_40/Ci (FA_89)                 0.00       1.53 r
  maprca/FAI_40/U4/ZN (NAND2_X1)           0.01       1.54 f
  maprca/FAI_40/U5/ZN (NAND2_X1)           0.02       1.56 r
  maprca/FAI_40/Co (FA_89)                 0.00       1.56 r
  maprca/FAI_41/Ci (FA_88)                 0.00       1.56 r
  maprca/FAI_41/U4/ZN (NAND2_X1)           0.01       1.58 f
  maprca/FAI_41/U5/ZN (NAND2_X1)           0.02       1.60 r
  maprca/FAI_41/Co (FA_88)                 0.00       1.60 r
  maprca/FAI_42/Ci (FA_87)                 0.00       1.60 r
  maprca/FAI_42/U4/ZN (NAND2_X1)           0.01       1.61 f
  maprca/FAI_42/U5/ZN (NAND2_X1)           0.02       1.64 r
  maprca/FAI_42/Co (FA_87)                 0.00       1.64 r
  maprca/FAI_43/Ci (FA_86)                 0.00       1.64 r
  maprca/FAI_43/U4/ZN (NAND2_X1)           0.01       1.65 f
  maprca/FAI_43/U5/ZN (NAND2_X1)           0.02       1.67 r
  maprca/FAI_43/Co (FA_86)                 0.00       1.67 r
  maprca/FAI_44/Ci (FA_85)                 0.00       1.67 r
  maprca/FAI_44/U4/ZN (NAND2_X1)           0.01       1.69 f
  maprca/FAI_44/U5/ZN (NAND2_X1)           0.02       1.71 r
  maprca/FAI_44/Co (FA_85)                 0.00       1.71 r
  maprca/FAI_45/Ci (FA_84)                 0.00       1.71 r
  maprca/FAI_45/U4/ZN (NAND2_X1)           0.01       1.72 f
  maprca/FAI_45/U5/ZN (NAND2_X1)           0.02       1.74 r
  maprca/FAI_45/Co (FA_84)                 0.00       1.74 r
  maprca/FAI_46/Ci (FA_83)                 0.00       1.74 r
  maprca/FAI_46/U4/ZN (NAND2_X1)           0.01       1.76 f
  maprca/FAI_46/U5/ZN (NAND2_X1)           0.02       1.78 r
  maprca/FAI_46/Co (FA_83)                 0.00       1.78 r
  maprca/FAI_47/Ci (FA_82)                 0.00       1.78 r
  maprca/FAI_47/U4/ZN (NAND2_X1)           0.01       1.79 f
  maprca/FAI_47/U5/ZN (NAND2_X1)           0.02       1.82 r
  maprca/FAI_47/Co (FA_82)                 0.00       1.82 r
  maprca/FAI_48/Ci (FA_81)                 0.00       1.82 r
  maprca/FAI_48/U4/ZN (NAND2_X1)           0.01       1.83 f
  maprca/FAI_48/U5/ZN (NAND2_X1)           0.02       1.85 r
  maprca/FAI_48/Co (FA_81)                 0.00       1.85 r
  maprca/FAI_49/Ci (FA_80)                 0.00       1.85 r
  maprca/FAI_49/U4/ZN (NAND2_X1)           0.01       1.87 f
  maprca/FAI_49/U5/ZN (NAND2_X1)           0.02       1.89 r
  maprca/FAI_49/Co (FA_80)                 0.00       1.89 r
  maprca/FAI_50/Ci (FA_79)                 0.00       1.89 r
  maprca/FAI_50/U4/ZN (NAND2_X1)           0.01       1.90 f
  maprca/FAI_50/U5/ZN (NAND2_X1)           0.02       1.92 r
  maprca/FAI_50/Co (FA_79)                 0.00       1.92 r
  maprca/FAI_51/Ci (FA_78)                 0.00       1.92 r
  maprca/FAI_51/U4/ZN (NAND2_X1)           0.01       1.94 f
  maprca/FAI_51/U5/ZN (NAND2_X1)           0.02       1.96 r
  maprca/FAI_51/Co (FA_78)                 0.00       1.96 r
  maprca/FAI_52/Ci (FA_77)                 0.00       1.96 r
  maprca/FAI_52/U4/ZN (NAND2_X1)           0.01       1.97 f
  maprca/FAI_52/U5/ZN (NAND2_X1)           0.02       2.00 r
  maprca/FAI_52/Co (FA_77)                 0.00       2.00 r
  maprca/FAI_53/Ci (FA_76)                 0.00       2.00 r
  maprca/FAI_53/U4/ZN (NAND2_X1)           0.01       2.01 f
  maprca/FAI_53/U5/ZN (NAND2_X1)           0.02       2.03 r
  maprca/FAI_53/Co (FA_76)                 0.00       2.03 r
  maprca/FAI_54/Ci (FA_75)                 0.00       2.03 r
  maprca/FAI_54/U4/ZN (NAND2_X1)           0.01       2.05 f
  maprca/FAI_54/U5/ZN (NAND2_X1)           0.02       2.07 r
  maprca/FAI_54/Co (FA_75)                 0.00       2.07 r
  maprca/FAI_55/Ci (FA_74)                 0.00       2.07 r
  maprca/FAI_55/U4/ZN (NAND2_X1)           0.01       2.08 f
  maprca/FAI_55/U5/ZN (NAND2_X1)           0.02       2.10 r
  maprca/FAI_55/Co (FA_74)                 0.00       2.10 r
  maprca/FAI_56/Ci (FA_73)                 0.00       2.10 r
  maprca/FAI_56/U4/ZN (NAND2_X1)           0.01       2.12 f
  maprca/FAI_56/U5/ZN (NAND2_X1)           0.02       2.14 r
  maprca/FAI_56/Co (FA_73)                 0.00       2.14 r
  maprca/FAI_57/Ci (FA_72)                 0.00       2.14 r
  maprca/FAI_57/U4/ZN (NAND2_X1)           0.01       2.15 f
  maprca/FAI_57/U5/ZN (NAND2_X1)           0.02       2.18 r
  maprca/FAI_57/Co (FA_72)                 0.00       2.18 r
  maprca/FAI_58/Ci (FA_71)                 0.00       2.18 r
  maprca/FAI_58/U4/ZN (NAND2_X1)           0.01       2.19 f
  maprca/FAI_58/U5/ZN (NAND2_X1)           0.02       2.21 r
  maprca/FAI_58/Co (FA_71)                 0.00       2.21 r
  maprca/FAI_59/Ci (FA_70)                 0.00       2.21 r
  maprca/FAI_59/U4/ZN (NAND2_X1)           0.01       2.23 f
  maprca/FAI_59/U5/ZN (NAND2_X1)           0.02       2.25 r
  maprca/FAI_59/Co (FA_70)                 0.00       2.25 r
  maprca/FAI_60/Ci (FA_69)                 0.00       2.25 r
  maprca/FAI_60/U4/ZN (NAND2_X1)           0.01       2.26 f
  maprca/FAI_60/U5/ZN (NAND2_X1)           0.02       2.29 r
  maprca/FAI_60/Co (FA_69)                 0.00       2.29 r
  maprca/FAI_61/Ci (FA_68)                 0.00       2.29 r
  maprca/FAI_61/U4/ZN (NAND2_X1)           0.01       2.30 f
  maprca/FAI_61/U5/ZN (NAND2_X1)           0.02       2.32 r
  maprca/FAI_61/Co (FA_68)                 0.00       2.32 r
  maprca/FAI_62/Ci (FA_67)                 0.00       2.32 r
  maprca/FAI_62/U4/ZN (NAND2_X1)           0.01       2.34 f
  maprca/FAI_62/U5/ZN (NAND2_X1)           0.02       2.36 r
  maprca/FAI_62/Co (FA_67)                 0.00       2.36 r
  maprca/FAI_63/Ci (FA_66)                 0.00       2.36 r
  maprca/FAI_63/U4/ZN (NAND2_X1)           0.01       2.37 f
  maprca/FAI_63/U5/ZN (NAND2_X1)           0.02       2.39 r
  maprca/FAI_63/Co (FA_66)                 0.00       2.39 r
  maprca/FAI_64/Ci (FA_65)                 0.00       2.39 r
  maprca/FAI_64/U4/ZN (NAND2_X1)           0.01       2.41 f
  maprca/FAI_64/U5/ZN (NAND2_X1)           0.02       2.43 r
  maprca/FAI_64/Co (FA_65)                 0.00       2.43 r
  maprca/FAI_65/Ci (FA_64)                 0.00       2.43 r
  maprca/FAI_65/U4/ZN (NAND2_X1)           0.01       2.44 f
  maprca/FAI_65/U5/ZN (NAND2_X1)           0.02       2.47 r
  maprca/FAI_65/Co (FA_64)                 0.00       2.47 r
  maprca/FAI_66/Ci (FA_63)                 0.00       2.47 r
  maprca/FAI_66/U4/ZN (NAND2_X1)           0.01       2.48 f
  maprca/FAI_66/U5/ZN (NAND2_X1)           0.02       2.50 r
  maprca/FAI_66/Co (FA_63)                 0.00       2.50 r
  maprca/FAI_67/Ci (FA_62)                 0.00       2.50 r
  maprca/FAI_67/U4/ZN (NAND2_X1)           0.01       2.52 f
  maprca/FAI_67/U5/ZN (NAND2_X1)           0.02       2.54 r
  maprca/FAI_67/Co (FA_62)                 0.00       2.54 r
  maprca/FAI_68/Ci (FA_61)                 0.00       2.54 r
  maprca/FAI_68/U4/ZN (NAND2_X1)           0.01       2.55 f
  maprca/FAI_68/U5/ZN (NAND2_X1)           0.02       2.57 r
  maprca/FAI_68/Co (FA_61)                 0.00       2.57 r
  maprca/FAI_69/Ci (FA_60)                 0.00       2.57 r
  maprca/FAI_69/U4/ZN (NAND2_X1)           0.01       2.59 f
  maprca/FAI_69/U5/ZN (NAND2_X1)           0.02       2.61 r
  maprca/FAI_69/Co (FA_60)                 0.00       2.61 r
  maprca/FAI_70/Ci (FA_59)                 0.00       2.61 r
  maprca/FAI_70/U4/ZN (NAND2_X1)           0.01       2.62 f
  maprca/FAI_70/U5/ZN (NAND2_X1)           0.02       2.65 r
  maprca/FAI_70/Co (FA_59)                 0.00       2.65 r
  maprca/FAI_71/Ci (FA_58)                 0.00       2.65 r
  maprca/FAI_71/U4/ZN (NAND2_X1)           0.01       2.66 f
  maprca/FAI_71/U5/ZN (NAND2_X1)           0.02       2.68 r
  maprca/FAI_71/Co (FA_58)                 0.00       2.68 r
  maprca/FAI_72/Ci (FA_57)                 0.00       2.68 r
  maprca/FAI_72/U4/ZN (NAND2_X1)           0.01       2.70 f
  maprca/FAI_72/U5/ZN (NAND2_X1)           0.02       2.72 r
  maprca/FAI_72/Co (FA_57)                 0.00       2.72 r
  maprca/FAI_73/Ci (FA_56)                 0.00       2.72 r
  maprca/FAI_73/U4/ZN (NAND2_X1)           0.01       2.73 f
  maprca/FAI_73/U5/ZN (NAND2_X1)           0.02       2.75 r
  maprca/FAI_73/Co (FA_56)                 0.00       2.75 r
  maprca/FAI_74/Ci (FA_55)                 0.00       2.75 r
  maprca/FAI_74/U4/ZN (NAND2_X1)           0.01       2.77 f
  maprca/FAI_74/U5/ZN (NAND2_X1)           0.02       2.79 r
  maprca/FAI_74/Co (FA_55)                 0.00       2.79 r
  maprca/FAI_75/Ci (FA_54)                 0.00       2.79 r
  maprca/FAI_75/U4/ZN (NAND2_X1)           0.01       2.80 f
  maprca/FAI_75/U5/ZN (NAND2_X1)           0.02       2.83 r
  maprca/FAI_75/Co (FA_54)                 0.00       2.83 r
  maprca/FAI_76/Ci (FA_53)                 0.00       2.83 r
  maprca/FAI_76/U4/ZN (NAND2_X1)           0.01       2.84 f
  maprca/FAI_76/U5/ZN (NAND2_X1)           0.02       2.86 r
  maprca/FAI_76/Co (FA_53)                 0.00       2.86 r
  maprca/FAI_77/Ci (FA_52)                 0.00       2.86 r
  maprca/FAI_77/U4/ZN (NAND2_X1)           0.01       2.88 f
  maprca/FAI_77/U5/ZN (NAND2_X1)           0.02       2.90 r
  maprca/FAI_77/Co (FA_52)                 0.00       2.90 r
  maprca/FAI_78/Ci (FA_51)                 0.00       2.90 r
  maprca/FAI_78/U4/ZN (NAND2_X1)           0.01       2.91 f
  maprca/FAI_78/U5/ZN (NAND2_X1)           0.02       2.93 r
  maprca/FAI_78/Co (FA_51)                 0.00       2.93 r
  maprca/FAI_79/Ci (FA_50)                 0.00       2.93 r
  maprca/FAI_79/U4/ZN (NAND2_X1)           0.01       2.95 f
  maprca/FAI_79/U5/ZN (NAND2_X1)           0.02       2.97 r
  maprca/FAI_79/Co (FA_50)                 0.00       2.97 r
  maprca/FAI_80/Ci (FA_49)                 0.00       2.97 r
  maprca/FAI_80/U4/ZN (NAND2_X1)           0.01       2.98 f
  maprca/FAI_80/U5/ZN (NAND2_X1)           0.02       3.01 r
  maprca/FAI_80/Co (FA_49)                 0.00       3.01 r
  maprca/FAI_81/Ci (FA_48)                 0.00       3.01 r
  maprca/FAI_81/U4/ZN (NAND2_X1)           0.01       3.02 f
  maprca/FAI_81/U5/ZN (NAND2_X1)           0.02       3.04 r
  maprca/FAI_81/Co (FA_48)                 0.00       3.04 r
  maprca/FAI_82/Ci (FA_47)                 0.00       3.04 r
  maprca/FAI_82/U4/ZN (NAND2_X1)           0.01       3.06 f
  maprca/FAI_82/U5/ZN (NAND2_X1)           0.02       3.08 r
  maprca/FAI_82/Co (FA_47)                 0.00       3.08 r
  maprca/FAI_83/Ci (FA_46)                 0.00       3.08 r
  maprca/FAI_83/U4/ZN (NAND2_X1)           0.01       3.09 f
  maprca/FAI_83/U5/ZN (NAND2_X1)           0.02       3.11 r
  maprca/FAI_83/Co (FA_46)                 0.00       3.11 r
  maprca/FAI_84/Ci (FA_45)                 0.00       3.11 r
  maprca/FAI_84/U4/ZN (NAND2_X1)           0.01       3.13 f
  maprca/FAI_84/U5/ZN (NAND2_X1)           0.02       3.15 r
  maprca/FAI_84/Co (FA_45)                 0.00       3.15 r
  maprca/FAI_85/Ci (FA_44)                 0.00       3.15 r
  maprca/FAI_85/U4/ZN (NAND2_X1)           0.01       3.16 f
  maprca/FAI_85/U5/ZN (NAND2_X1)           0.02       3.19 r
  maprca/FAI_85/Co (FA_44)                 0.00       3.19 r
  maprca/FAI_86/Ci (FA_43)                 0.00       3.19 r
  maprca/FAI_86/U4/ZN (NAND2_X1)           0.01       3.20 f
  maprca/FAI_86/U5/ZN (NAND2_X1)           0.02       3.22 r
  maprca/FAI_86/Co (FA_43)                 0.00       3.22 r
  maprca/FAI_87/Ci (FA_42)                 0.00       3.22 r
  maprca/FAI_87/U4/ZN (NAND2_X1)           0.01       3.24 f
  maprca/FAI_87/U5/ZN (NAND2_X1)           0.02       3.26 r
  maprca/FAI_87/Co (FA_42)                 0.00       3.26 r
  maprca/FAI_88/Ci (FA_41)                 0.00       3.26 r
  maprca/FAI_88/U4/ZN (NAND2_X1)           0.01       3.27 f
  maprca/FAI_88/U5/ZN (NAND2_X1)           0.02       3.29 r
  maprca/FAI_88/Co (FA_41)                 0.00       3.29 r
  maprca/FAI_89/Ci (FA_40)                 0.00       3.29 r
  maprca/FAI_89/U4/ZN (NAND2_X1)           0.01       3.31 f
  maprca/FAI_89/U5/ZN (NAND2_X1)           0.02       3.33 r
  maprca/FAI_89/Co (FA_40)                 0.00       3.33 r
  maprca/FAI_90/Ci (FA_39)                 0.00       3.33 r
  maprca/FAI_90/U4/ZN (NAND2_X1)           0.01       3.34 f
  maprca/FAI_90/U5/ZN (NAND2_X1)           0.02       3.37 r
  maprca/FAI_90/Co (FA_39)                 0.00       3.37 r
  maprca/FAI_91/Ci (FA_38)                 0.00       3.37 r
  maprca/FAI_91/U4/ZN (NAND2_X1)           0.01       3.38 f
  maprca/FAI_91/U5/ZN (NAND2_X1)           0.02       3.40 r
  maprca/FAI_91/Co (FA_38)                 0.00       3.40 r
  maprca/FAI_92/Ci (FA_37)                 0.00       3.40 r
  maprca/FAI_92/U4/ZN (NAND2_X1)           0.01       3.42 f
  maprca/FAI_92/U5/ZN (NAND2_X1)           0.02       3.44 r
  maprca/FAI_92/Co (FA_37)                 0.00       3.44 r
  maprca/FAI_93/Ci (FA_36)                 0.00       3.44 r
  maprca/FAI_93/U4/ZN (NAND2_X1)           0.01       3.45 f
  maprca/FAI_93/U5/ZN (NAND2_X1)           0.02       3.47 r
  maprca/FAI_93/Co (FA_36)                 0.00       3.47 r
  maprca/FAI_94/Ci (FA_35)                 0.00       3.47 r
  maprca/FAI_94/U4/ZN (NAND2_X1)           0.01       3.49 f
  maprca/FAI_94/U5/ZN (NAND2_X1)           0.02       3.51 r
  maprca/FAI_94/Co (FA_35)                 0.00       3.51 r
  maprca/FAI_95/Ci (FA_34)                 0.00       3.51 r
  maprca/FAI_95/U4/ZN (NAND2_X1)           0.01       3.52 f
  maprca/FAI_95/U5/ZN (NAND2_X1)           0.02       3.55 r
  maprca/FAI_95/Co (FA_34)                 0.00       3.55 r
  maprca/FAI_96/Ci (FA_33)                 0.00       3.55 r
  maprca/FAI_96/U4/ZN (NAND2_X1)           0.01       3.56 f
  maprca/FAI_96/U5/ZN (NAND2_X1)           0.02       3.58 r
  maprca/FAI_96/Co (FA_33)                 0.00       3.58 r
  maprca/FAI_97/Ci (FA_32)                 0.00       3.58 r
  maprca/FAI_97/U4/ZN (NAND2_X1)           0.01       3.60 f
  maprca/FAI_97/U5/ZN (NAND2_X1)           0.02       3.62 r
  maprca/FAI_97/Co (FA_32)                 0.00       3.62 r
  maprca/FAI_98/Ci (FA_31)                 0.00       3.62 r
  maprca/FAI_98/U4/ZN (NAND2_X1)           0.01       3.63 f
  maprca/FAI_98/U5/ZN (NAND2_X1)           0.02       3.65 r
  maprca/FAI_98/Co (FA_31)                 0.00       3.65 r
  maprca/FAI_99/Ci (FA_30)                 0.00       3.65 r
  maprca/FAI_99/U4/ZN (NAND2_X1)           0.01       3.67 f
  maprca/FAI_99/U5/ZN (NAND2_X1)           0.02       3.69 r
  maprca/FAI_99/Co (FA_30)                 0.00       3.69 r
  maprca/FAI_100/Ci (FA_29)                0.00       3.69 r
  maprca/FAI_100/U4/ZN (NAND2_X1)          0.01       3.70 f
  maprca/FAI_100/U5/ZN (NAND2_X1)          0.02       3.73 r
  maprca/FAI_100/Co (FA_29)                0.00       3.73 r
  maprca/FAI_101/Ci (FA_28)                0.00       3.73 r
  maprca/FAI_101/U4/ZN (NAND2_X1)          0.01       3.74 f
  maprca/FAI_101/U5/ZN (NAND2_X1)          0.02       3.76 r
  maprca/FAI_101/Co (FA_28)                0.00       3.76 r
  maprca/FAI_102/Ci (FA_27)                0.00       3.76 r
  maprca/FAI_102/U4/ZN (NAND2_X1)          0.01       3.78 f
  maprca/FAI_102/U5/ZN (NAND2_X1)          0.02       3.80 r
  maprca/FAI_102/Co (FA_27)                0.00       3.80 r
  maprca/FAI_103/Ci (FA_26)                0.00       3.80 r
  maprca/FAI_103/U4/ZN (NAND2_X1)          0.01       3.81 f
  maprca/FAI_103/U5/ZN (NAND2_X1)          0.02       3.83 r
  maprca/FAI_103/Co (FA_26)                0.00       3.83 r
  maprca/FAI_104/Ci (FA_25)                0.00       3.83 r
  maprca/FAI_104/U4/ZN (NAND2_X1)          0.01       3.85 f
  maprca/FAI_104/U5/ZN (NAND2_X1)          0.02       3.87 r
  maprca/FAI_104/Co (FA_25)                0.00       3.87 r
  maprca/FAI_105/Ci (FA_24)                0.00       3.87 r
  maprca/FAI_105/U4/ZN (NAND2_X1)          0.01       3.88 f
  maprca/FAI_105/U5/ZN (NAND2_X1)          0.02       3.91 r
  maprca/FAI_105/Co (FA_24)                0.00       3.91 r
  maprca/FAI_106/Ci (FA_23)                0.00       3.91 r
  maprca/FAI_106/U4/ZN (NAND2_X1)          0.01       3.92 f
  maprca/FAI_106/U5/ZN (NAND2_X1)          0.02       3.94 r
  maprca/FAI_106/Co (FA_23)                0.00       3.94 r
  maprca/FAI_107/Ci (FA_22)                0.00       3.94 r
  maprca/FAI_107/U4/ZN (NAND2_X1)          0.01       3.95 f
  maprca/FAI_107/U5/ZN (NAND2_X1)          0.02       3.98 r
  maprca/FAI_107/Co (FA_22)                0.00       3.98 r
  maprca/FAI_108/Ci (FA_21)                0.00       3.98 r
  maprca/FAI_108/U4/ZN (NAND2_X1)          0.01       3.99 f
  maprca/FAI_108/U5/ZN (NAND2_X1)          0.02       4.01 r
  maprca/FAI_108/Co (FA_21)                0.00       4.01 r
  maprca/FAI_109/Ci (FA_20)                0.00       4.01 r
  maprca/FAI_109/U4/ZN (NAND2_X1)          0.01       4.02 f
  maprca/FAI_109/U5/ZN (NAND2_X1)          0.02       4.05 r
  maprca/FAI_109/Co (FA_20)                0.00       4.05 r
  maprca/FAI_110/Ci (FA_19)                0.00       4.05 r
  maprca/FAI_110/U4/ZN (NAND2_X1)          0.01       4.06 f
  maprca/FAI_110/U5/ZN (NAND2_X1)          0.02       4.08 r
  maprca/FAI_110/Co (FA_19)                0.00       4.08 r
  maprca/FAI_111/Ci (FA_18)                0.00       4.08 r
  maprca/FAI_111/U4/ZN (NAND2_X1)          0.01       4.10 f
  maprca/FAI_111/U5/ZN (NAND2_X1)          0.02       4.12 r
  maprca/FAI_111/Co (FA_18)                0.00       4.12 r
  maprca/FAI_112/Ci (FA_17)                0.00       4.12 r
  maprca/FAI_112/U4/ZN (NAND2_X1)          0.01       4.13 f
  maprca/FAI_112/U5/ZN (NAND2_X1)          0.02       4.15 r
  maprca/FAI_112/Co (FA_17)                0.00       4.15 r
  maprca/FAI_113/Ci (FA_16)                0.00       4.15 r
  maprca/FAI_113/U4/ZN (NAND2_X1)          0.01       4.17 f
  maprca/FAI_113/U5/ZN (NAND2_X1)          0.02       4.19 r
  maprca/FAI_113/Co (FA_16)                0.00       4.19 r
  maprca/FAI_114/Ci (FA_15)                0.00       4.19 r
  maprca/FAI_114/U4/ZN (NAND2_X1)          0.01       4.20 f
  maprca/FAI_114/U5/ZN (NAND2_X1)          0.02       4.22 r
  maprca/FAI_114/Co (FA_15)                0.00       4.22 r
  maprca/FAI_115/Ci (FA_14)                0.00       4.22 r
  maprca/FAI_115/U4/ZN (NAND2_X1)          0.01       4.24 f
  maprca/FAI_115/U5/ZN (NAND2_X1)          0.02       4.26 r
  maprca/FAI_115/Co (FA_14)                0.00       4.26 r
  maprca/FAI_116/Ci (FA_13)                0.00       4.26 r
  maprca/FAI_116/U4/ZN (NAND2_X1)          0.01       4.27 f
  maprca/FAI_116/U5/ZN (NAND2_X1)          0.02       4.29 r
  maprca/FAI_116/Co (FA_13)                0.00       4.29 r
  maprca/FAI_117/Ci (FA_12)                0.00       4.29 r
  maprca/FAI_117/U4/ZN (NAND2_X1)          0.01       4.31 f
  maprca/FAI_117/U5/ZN (NAND2_X1)          0.02       4.33 r
  maprca/FAI_117/Co (FA_12)                0.00       4.33 r
  maprca/FAI_118/Ci (FA_11)                0.00       4.33 r
  maprca/FAI_118/U4/ZN (NAND2_X1)          0.01       4.34 f
  maprca/FAI_118/U5/ZN (NAND2_X1)          0.02       4.36 r
  maprca/FAI_118/Co (FA_11)                0.00       4.36 r
  maprca/FAI_119/Ci (FA_10)                0.00       4.36 r
  maprca/FAI_119/U4/ZN (NAND2_X1)          0.01       4.38 f
  maprca/FAI_119/U5/ZN (NAND2_X1)          0.02       4.40 r
  maprca/FAI_119/Co (FA_10)                0.00       4.40 r
  maprca/FAI_120/Ci (FA_9)                 0.00       4.40 r
  maprca/FAI_120/U4/ZN (NAND2_X1)          0.01       4.41 f
  maprca/FAI_120/U5/ZN (NAND2_X1)          0.02       4.43 r
  maprca/FAI_120/Co (FA_9)                 0.00       4.43 r
  maprca/FAI_121/Ci (FA_8)                 0.00       4.43 r
  maprca/FAI_121/U4/ZN (NAND2_X1)          0.01       4.45 f
  maprca/FAI_121/U5/ZN (NAND2_X1)          0.02       4.47 r
  maprca/FAI_121/Co (FA_8)                 0.00       4.47 r
  maprca/FAI_122/Ci (FA_7)                 0.00       4.47 r
  maprca/FAI_122/U4/ZN (NAND2_X1)          0.01       4.48 f
  maprca/FAI_122/U5/ZN (NAND2_X1)          0.02       4.51 r
  maprca/FAI_122/Co (FA_7)                 0.00       4.51 r
  maprca/FAI_123/Ci (FA_6)                 0.00       4.51 r
  maprca/FAI_123/U4/ZN (NAND2_X1)          0.01       4.52 f
  maprca/FAI_123/U5/ZN (NAND2_X1)          0.02       4.54 r
  maprca/FAI_123/Co (FA_6)                 0.00       4.54 r
  maprca/FAI_124/Ci (FA_5)                 0.00       4.54 r
  maprca/FAI_124/U4/ZN (NAND2_X1)          0.01       4.55 f
  maprca/FAI_124/U5/ZN (NAND2_X1)          0.02       4.58 r
  maprca/FAI_124/Co (FA_5)                 0.00       4.58 r
  maprca/FAI_125/Ci (FA_4)                 0.00       4.58 r
  maprca/FAI_125/U4/ZN (NAND2_X1)          0.01       4.59 f
  maprca/FAI_125/U5/ZN (NAND2_X1)          0.02       4.61 r
  maprca/FAI_125/Co (FA_4)                 0.00       4.61 r
  maprca/FAI_126/Ci (FA_3)                 0.00       4.61 r
  maprca/FAI_126/U4/ZN (NAND2_X1)          0.01       4.62 f
  maprca/FAI_126/U5/ZN (NAND2_X1)          0.02       4.65 r
  maprca/FAI_126/Co (FA_3)                 0.00       4.65 r
  maprca/FAI_127/Ci (FA_2)                 0.00       4.65 r
  maprca/FAI_127/U4/ZN (NAND2_X1)          0.01       4.66 f
  maprca/FAI_127/U5/ZN (NAND2_X1)          0.02       4.68 r
  maprca/FAI_127/Co (FA_2)                 0.00       4.68 r
  maprca/FAI_128/Ci (FA_1)                 0.00       4.68 r
  maprca/FAI_128/U6/ZN (XNOR2_X1)          0.04       4.72 r
  maprca/FAI_128/S (FA_1)                  0.00       4.72 r
  maprca/S[127] (RCA)                      0.00       4.72 r
  S_reg[127]/D (DFFR_X1)                   0.00       4.72 r
  data arrival time                                   4.72

  clock CLK (rise edge)                    5.00       5.00
  clock network delay (ideal)              0.00       5.00
  S_reg[127]/CK (DFFR_X1)                  0.00       5.00 r
  library setup time                      -0.03       4.97
  data required time                                  4.97
  -----------------------------------------------------------
  data required time                                  4.97
  data arrival time                                  -4.72
  -----------------------------------------------------------
  slack (MET)                                         0.25


1
