 
****************************************
Report : power
        -net
        -analysis_effort low
        -sort_mode net_switching_power
Design : SIPISOALU
Version: F-2011.09-SP3
Date   : Fri Apr 23 17:17:14 2021
****************************************


Library(s) Used:

    NangateOpenCellLibrary (File: /home/mariagrazia.graziano/do/libnangate/NangateOpenCellLibrary_typical_ecsm.db)


Operating Conditions: typical   Library: NangateOpenCellLibrary
Wire Load Model Mode: top

Design        Wire Load Model            Library
------------------------------------------------
SIPISOALU              5K_hvratio_1_1    NangateOpenCellLibrary


Global Operating Voltage = 1.1  
Power-specific unit information :
    Voltage Units = 1V
    Capacitance Units = 1.000000ff
    Time Units = 1ns
    Dynamic Power Units = 1uW    (derived from V,C,T units)
    Leakage Power Units = 1nW



  Attributes
  ----------
      a  -  Switching activity information annotated on net
      d  -  Default switching activity information on net

                             Total      Static   Toggle   Switching
Net                          Net Load   Prob.    Rate     Power      Attrs
--------------------------------------------------------------------------------
n54                           32.022    0.500    0.0100      0.1937  d
LDB                           19.255    0.110    0.0060      0.0697  
EA                            14.786    0.148    0.0067      0.0596  
n56                            4.582    0.500    0.0100      0.0277  d
n33                            9.050    0.889    0.0032      0.0175  
n92                            1.997    0.504    0.0130      0.0157  
n69                            6.893    0.113    0.0033      0.0136  
n62                            6.047    0.875    0.0037      0.0134  
n58                            6.522    0.898    0.0030      0.0119  
n59                            6.080    0.892    0.0031      0.0114  
n70                            4.595    0.125    0.0037      0.0103  
n78                            2.721    0.182    0.0062      0.0102  
n81                            2.542    0.830    0.0059      0.0090  
n86                            2.721    0.833    0.0054      0.0089  
n76                            1.933    0.182    0.0075      0.0087  
n57                            4.503    0.891    0.0031      0.0083  
n80                            1.894    0.170    0.0068      0.0078  
LDC                           13.265    0.004    0.0009      0.0072  
n82                            1.882    0.835    0.0063      0.0071  
n55                            4.844    0.053    0.0021      0.0060  
n93                            1.980    0.922    0.0048      0.0057  
n94                            1.980    0.934    0.0044      0.0053  
n67                            2.721    0.107    0.0031      0.0052  
n87                            4.061    0.947    0.0021      0.0050  
n99                            1.980    0.943    0.0041      0.0050  
n98                            1.980    0.944    0.0040      0.0048  
n95                            1.980    0.945    0.0040      0.0048  
n96                            1.980    0.943    0.0039      0.0047  
n97                            1.980    0.945    0.0039      0.0047  
n68                            2.721    0.099    0.0028      0.0046  
n77                            2.542    0.056    0.0025      0.0038  
n61                            1.882    0.887    0.0032      0.0037  
n66                            1.972    0.102    0.0030      0.0036  
n46                            1.438    0.137    0.0041      0.0036  
n84                            6.225    0.985    0.0009      0.0034  
n52                            5.952    0.015    0.0009      0.0033  
n39                            1.438    0.123    0.0037      0.0032  
n60                            1.882    0.901    0.0028      0.0032  
n40                            1.438    0.120    0.0036      0.0031  
n42                            1.438    0.121    0.0036      0.0031  
n44                            1.438    0.125    0.0035      0.0031  
n41                            1.438    0.113    0.0035      0.0031  
n75                            6.149    0.011    0.0008      0.0030  
n89                            1.987    0.072    0.0023      0.0028  
n43                            1.438    0.110    0.0031      0.0027  
n85                            2.542    0.049    0.0017      0.0026  
n88                            1.980    0.962    0.0011      0.0014  
n91                            1.980    0.992    0.0010      0.0013  
n31                            1.972    0.976    0.0010      0.0012  
n53                            1.972    0.996    0.0009      0.0011  
n71                            3.985    0.002    0.0004      0.0011  
n74                            1.980    0.994    0.0009      0.0011  
n90                            1.936    0.025    0.0009      0.0010  
n72                            1.894    0.009    0.0008      0.0010  
SHIFTC                         1.961    0.011    0.0008      0.0009  
n48                            1.438    0.026    0.0011      0.0009  
n63                            1.882    0.990    0.0008      0.0009  
n73                            1.997    0.008    0.0007      0.0009  
n64                            1.972    0.992    0.0007      0.0008  
n51                            1.438    0.011    0.0009      0.0008  
n79                            1.980    0.996    0.0007      0.0008  
n50                            1.438    0.009    0.0007      0.0006  
n49                            1.438    0.002    0.0005      0.0004  
C                              0.310    0.023    0.0010      0.0002  
n83                            1.980    1.000    0.0000      0.0000  
--------------------------------------------------------------------------------
Total (65 nets)                                            635.1208 nW
1
