Information: Updating design information... (UID-85)
 
****************************************
Report : timing
        -path full
        -delay max
        -max_paths 1
Design : SIPISOALU
Version: F-2011.09-SP3
Date   : Fri Apr 23 17:33:44 2021
****************************************

Operating Conditions: typical   Library: NangateOpenCellLibrary
Wire Load Model Mode: top

  Startpoint: control/CURRENT_STATE_reg[3]
              (rising edge-triggered flip-flop)
  Endpoint: STARTC (output port)
  Path Group: (none)
  Path Type: max

  Des/Clust/Port     Wire Load Model       Library
  ------------------------------------------------
  SIPISOALU          5K_hvratio_1_1        NangateOpenCellLibrary

  Point                                                   Incr       Path
  --------------------------------------------------------------------------
  control/CURRENT_STATE_reg[3]/CK (DFFR_X1)               0.00       0.00 r
  control/CURRENT_STATE_reg[3]/Q (DFFR_X1)                0.14       0.14 r
  control/U46/ZN (NAND2_X1)                               0.08       0.21 f
  control/U45/ZN (NOR4_X1)                                0.13       0.34 r
  control/startC (sipisoAluControl)                       0.00       0.34 r
  STARTC (out)                                            0.00       0.34 r
  data arrival time                                                  0.34
  --------------------------------------------------------------------------
  (Path is unconstrained)


1
