 
****************************************
Report : timing
        -path full
        -delay max
        -max_paths 1
Design : windowing_rf_NBIT_DATA32_NBIT_ADD5_M8_N8_F5
Version: F-2011.09-SP3
Date   : Fri Apr 23 16:24:47 2021
****************************************

 # A fanout number of 1000 was used for high fanout net computations.

Operating Conditions: typical   Library: NangateOpenCellLibrary
Wire Load Model Mode: top

  Startpoint: SWP/Q_reg[4]
              (rising edge-triggered flip-flop)
  Endpoint: BUS_TOMEM[31]
            (output port)
  Path Group: (none)
  Path Type: max

  Des/Clust/Port     Wire Load Model       Library
  ------------------------------------------------
  windowing_rf_NBIT_DATA32_NBIT_ADD5_M8_N8_F5
                     5K_hvratio_1_1        NangateOpenCellLibrary

  Point                                                   Incr       Path
  --------------------------------------------------------------------------
  SWP/Q_reg[4]/CK (DFF_X1)                                0.00 #     0.00 r
  SWP/Q_reg[4]/Q (DFF_X1)                                 0.15       0.15 r
  SWP/Q[4] (reg_generic_N5_RSTVAL1_1)                     0.00       0.15 r
  SELBLOCK_INLOC/win[4] (in_loc_selblock_NBIT_DATA32_N8_F5)
                                                          0.00       0.15 r
  SELBLOCK_INLOC/U46/Z (BUF_X1)                           0.06       0.21 r
  SELBLOCK_INLOC/U219/Z (CLKBUF_X1)                       0.10       0.30 r
  SELBLOCK_INLOC/U1805/ZN (NOR2_X1)                       0.04       0.34 f
  SELBLOCK_INLOC/U1797/ZN (AND3_X1)                       0.06       0.41 f
  SELBLOCK_INLOC/U23/Z (BUF_X1)                           0.05       0.46 f
  SELBLOCK_INLOC/U172/Z (CLKBUF_X1)                       0.10       0.56 f
  SELBLOCK_INLOC/U383/ZN (AOI222_X1)                      0.13       0.69 r
  SELBLOCK_INLOC/U382/ZN (NAND2_X1)                       0.03       0.73 f
  SELBLOCK_INLOC/curr_proc_regs[63] (in_loc_selblock_NBIT_DATA32_N8_F5)
                                                          0.00       0.73 f
  RDPORT_SPILL/Q[63] (mux_N32_M4)                         0.00       0.73 f
  RDPORT_SPILL/U98/ZN (AOI22_X1)                          0.06       0.78 r
  RDPORT_SPILL/U96/ZN (NAND4_X1)                          0.04       0.83 f
  RDPORT_SPILL/U95/ZN (OR2_X1)                            0.06       0.88 f
  RDPORT_SPILL/Y[31] (mux_N32_M4)                         0.00       0.88 f
  BUS_TOMEM[31] (out)                                     0.00       0.88 f
  data arrival time                                                  0.88
  --------------------------------------------------------------------------
  (Path is unconstrained)


1
